        ___________                     
       /  CHROME   \                    
      /  -FIXER-    \                   
     |  [ ] === [ ]  |                  
     |  [AUGMENTED]  |                  
     |   ---------   |                  
     |  /  |   |  \  |                  
     |  |  |   |  |  |                  
      \ |  |   |  | /                   
       \|__|   |__|/                    
                                        
                                        
