|  NEON  |   *   |  CHROME  |  *  |     
| ====== |       | ======== |     |     
|        | ALLEY |          | /// |     
| ~~~~~~ |       | ~~~~~~~~ |     |     
|     *  |       |    *     |  *  |     
|  ===   |  ///  |   ===    |     |     
| [ADV]  |       |  [ADV]   | [A] |     
|  ===   |  ///  |   ===    |     |     
| ~~~~~~ |       | ~~~~~~~~ |     |     
|        | ALLEY |          | /// |     
| ====== |       | ======== |     |     
|  NEON  |   *   |  CHROME  |  *  |     
