
   _________________________________
  |                                 |
  |       .-""""-.                  |
  |      / o    o\    THE VENDOR    |
  |      \  .-.  /                  |
  |       '-----'    she was        |
  |  [table before her]  waiting   |
  |_________________________________|

       she knew you were coming

