
   _________________________________
  |                                 |
  |       .-"""-.                   |
  |      / .   . \  THE RESEARCHER  |
  |      \  ---  /                  |
  |       '-----'    still here.   |
  |  [notes open, pen in hand]     |
  |_________________________________|

       still here.  still here.

