   .    *    .    *    .    *    .
  *    .    *    .    *    .    *
       _______________________
      /                       \
     /   O B S E R V A T O R Y \
    |    :   D O M E            |
    |  - - - - - - - - - - - - |
    |            ( )            |
    |___________________________|
     |          |||            |
     |__________|||||__________|
                |||
