                                        
          .-""""""-.                    
        .'          '.                  
       /   O      O   \                 
      :      .---.      :               
      :     /     \     :               
       \   '  RIP  '   /                
        '.   _____   .'                 
          '-._____.-'                   
          /|       |\                   
                                        
                                        
