~~~~~~~~~~~~~~~~~~~~~~~~~~~~~~~~~~~~~~~~
~~   .   .   .   .   .   .   .      ~~  
~  .          .          .            ~ 
       ___________________              
      |                   |             
      |   ABYSSAL TRENCH   |            
      |___________________|             
           |         |                  
    .      |         |     .            
           |_________|                  
########################################
########################################
