   _________________________________    
  |  THE LAST CHANCE SALOON         |   
  |=================================|   
  |  |  |  |  |  |  |  |  |  |  |  |    
  |  |  |  |  |  |  |  |  |  |  |  |    
~~|~~|~~|~~|~~|~~|~~|~~|~~|~~|~~|~~|~~  
  |  OPEN  |     |  OPEN  |             
  |________|     |________|             
  |              |                      
  |______________|                      
 /                \                     
/                  \                    
